Archive member included to satisfy reference by file (symbol)

c:/st/stm32cubeide_1.7.0/stm32cubeide/plugins/com.st.stm32cube.ide.mcu.externaltools.gnu-tools-for-stm32.9-2020-q2-update.win32_2.0.0.202105311346/tools/bin/../lib/gcc/arm-none-eabi/9.3.1/../../../../arm-none-eabi/lib/thumb/v7-m/nofp\libc_nano.a(lib_a-errno.o)
                              ./Core/Src/syscalls.o (__errno)
c:/st/stm32cubeide_1.7.0/stm32cubeide/plugins/com.st.stm32cube.ide.mcu.externaltools.gnu-tools-for-stm32.9-2020-q2-update.win32_2.0.0.202105311346/tools/bin/../lib/gcc/arm-none-eabi/9.3.1/../../../../arm-none-eabi/lib/thumb/v7-m/nofp\libc_nano.a(lib_a-exit.o)
                              c:/st/stm32cubeide_1.7.0/stm32cubeide/plugins/com.st.stm32cube.ide.mcu.externaltools.gnu-tools-for-stm32.9-2020-q2-update.win32_2.0.0.202105311346/tools/bin/../lib/gcc/arm-none-eabi/9.3.1/../../../../arm-none-eabi/lib/thumb/v7-m/nofp/crt0.o (exit)
c:/st/stm32cubeide_1.7.0/stm32cubeide/plugins/com.st.stm32cube.ide.mcu.externaltools.gnu-tools-for-stm32.9-2020-q2-update.win32_2.0.0.202105311346/tools/bin/../lib/gcc/arm-none-eabi/9.3.1/../../../../arm-none-eabi/lib/thumb/v7-m/nofp\libc_nano.a(lib_a-impure.o)
                              c:/st/stm32cubeide_1.7.0/stm32cubeide/plugins/com.st.stm32cube.ide.mcu.externaltools.gnu-tools-for-stm32.9-2020-q2-update.win32_2.0.0.202105311346/tools/bin/../lib/gcc/arm-none-eabi/9.3.1/../../../../arm-none-eabi/lib/thumb/v7-m/nofp\libc_nano.a(lib_a-exit.o) (_global_impure_ptr)
c:/st/stm32cubeide_1.7.0/stm32cubeide/plugins/com.st.stm32cube.ide.mcu.externaltools.gnu-tools-for-stm32.9-2020-q2-update.win32_2.0.0.202105311346/tools/bin/../lib/gcc/arm-none-eabi/9.3.1/../../../../arm-none-eabi/lib/thumb/v7-m/nofp\libc_nano.a(lib_a-init.o)
                              c:/st/stm32cubeide_1.7.0/stm32cubeide/plugins/com.st.stm32cube.ide.mcu.externaltools.gnu-tools-for-stm32.9-2020-q2-update.win32_2.0.0.202105311346/tools/bin/../lib/gcc/arm-none-eabi/9.3.1/../../../../arm-none-eabi/lib/thumb/v7-m/nofp/crt0.o (__libc_init_array)
c:/st/stm32cubeide_1.7.0/stm32cubeide/plugins/com.st.stm32cube.ide.mcu.externaltools.gnu-tools-for-stm32.9-2020-q2-update.win32_2.0.0.202105311346/tools/bin/../lib/gcc/arm-none-eabi/9.3.1/../../../../arm-none-eabi/lib/thumb/v7-m/nofp\libc_nano.a(lib_a-memset.o)
                              c:/st/stm32cubeide_1.7.0/stm32cubeide/plugins/com.st.stm32cube.ide.mcu.externaltools.gnu-tools-for-stm32.9-2020-q2-update.win32_2.0.0.202105311346/tools/bin/../lib/gcc/arm-none-eabi/9.3.1/../../../../arm-none-eabi/lib/thumb/v7-m/nofp/crt0.o (memset)
c:/st/stm32cubeide_1.7.0/stm32cubeide/plugins/com.st.stm32cube.ide.mcu.externaltools.gnu-tools-for-stm32.9-2020-q2-update.win32_2.0.0.202105311346/tools/bin/../lib/gcc/arm-none-eabi/9.3.1/thumb/v7-m/nofp\libgcc.a(_aeabi_ldivmod.o)
                              ./Core/Src/main.o (__aeabi_ldivmod)
c:/st/stm32cubeide_1.7.0/stm32cubeide/plugins/com.st.stm32cube.ide.mcu.externaltools.gnu-tools-for-stm32.9-2020-q2-update.win32_2.0.0.202105311346/tools/bin/../lib/gcc/arm-none-eabi/9.3.1/thumb/v7-m/nofp\libgcc.a(_udivmoddi4.o)
                              c:/st/stm32cubeide_1.7.0/stm32cubeide/plugins/com.st.stm32cube.ide.mcu.externaltools.gnu-tools-for-stm32.9-2020-q2-update.win32_2.0.0.202105311346/tools/bin/../lib/gcc/arm-none-eabi/9.3.1/thumb/v7-m/nofp\libgcc.a(_aeabi_ldivmod.o) (__udivmoddi4)
c:/st/stm32cubeide_1.7.0/stm32cubeide/plugins/com.st.stm32cube.ide.mcu.externaltools.gnu-tools-for-stm32.9-2020-q2-update.win32_2.0.0.202105311346/tools/bin/../lib/gcc/arm-none-eabi/9.3.1/thumb/v7-m/nofp\libgcc.a(_dvmd_tls.o)
                              c:/st/stm32cubeide_1.7.0/stm32cubeide/plugins/com.st.stm32cube.ide.mcu.externaltools.gnu-tools-for-stm32.9-2020-q2-update.win32_2.0.0.202105311346/tools/bin/../lib/gcc/arm-none-eabi/9.3.1/thumb/v7-m/nofp\libgcc.a(_aeabi_ldivmod.o) (__aeabi_ldiv0)

Allocating common symbols
Common symbol       size              file

led_health_flag     0x4               ./Core/Src/led_health_timer.o
prescaler_htim2     0x8               ./Core/Src/global.o
uwTick              0x4               ./Drivers/STM32F1xx_HAL_Driver/Src/stm32f1xx_hal.o
pFlash              0x20              ./Drivers/STM32F1xx_HAL_Driver/Src/stm32f1xx_hal_flash.o
led_health_counter  0x4               ./Core/Src/fsm_12_leds.o
status_12_leds      0x4               ./Core/Src/fsm_12_leds.o
time_interupt_duration
                    0x4               ./Core/Src/global.o
_12_leds_counter    0x4               ./Core/Src/12_leds_timer.o
htim2               0x48              ./Core/Src/main.o
periodCounter_htim2
                    0x8               ./Core/Src/global.o
_12_leds_flag       0x4               ./Core/Src/12_leds_timer.o

Discarded input sections

[...]
Memory Configuration

Name             Origin             Length             Attributes
RAM              0x0000000020000000 0x0000000000002800 xrw
FLASH            0x0000000008000000 0x0000000000008000 xr
*default*        0x0000000000000000 0xffffffffffffffff

Linker script and memory map

LOAD c:/st/stm32cubeide_1.7.0/stm32cubeide/plugins/com.st.stm32cube.ide.mcu.externaltools.gnu-tools-for-stm32.9-2020-q2-update.win32_2.0.0.202105311346/tools/bin/../lib/gcc/arm-none-eabi/9.3.1/thumb/v7-m/nofp/crti.o
LOAD c:/st/stm32cubeide_1.7.0/stm32cubeide/plugins/com.st.stm32cube.ide.mcu.externaltools.gnu-tools-for-stm32.9-2020-q2-update.win32_2.0.0.202105311346/tools/bin/../lib/gcc/arm-none-eabi/9.3.1/thumb/v7-m/nofp/crtbegin.o
LOAD c:/st/stm32cubeide_1.7.0/stm32cubeide/plugins/com.st.stm32cube.ide.mcu.externaltools.gnu-tools-for-stm32.9-2020-q2-update.win32_2.0.0.202105311346/tools/bin/../lib/gcc/arm-none-eabi/9.3.1/../../../../arm-none-eabi/lib/thumb/v7-m/nofp/crt0.o
LOAD ./Core/Src/12_leds_timer.o
LOAD ./Core/Src/display_7_segments.o
LOAD ./Core/Src/display_7_segments_timer.o
LOAD ./Core/Src/fsm_12_leds.o
LOAD ./Core/Src/global.o
LOAD ./Core/Src/input_processing.o
LOAD ./Core/Src/input_reading.o
LOAD ./Core/Src/led_blinking_2Hz_timer.o
LOAD ./Core/Src/led_health_timer.o
LOAD ./Core/Src/main.o
LOAD ./Core/Src/stm32f1xx_hal_msp.o
LOAD ./Core/Src/stm32f1xx_it.o
LOAD ./Core/Src/syscalls.o
LOAD ./Core/Src/sysmem.o
LOAD ./Core/Src/system_stm32f1xx.o
LOAD ./Core/Src/timer.o
LOAD ./Core/Startup/startup_stm32f103c6ux.o
LOAD ./Drivers/STM32F1xx_HAL_Driver/Src/stm32f1xx_hal.o
LOAD ./Drivers/STM32F1xx_HAL_Driver/Src/stm32f1xx_hal_cortex.o
LOAD ./Drivers/STM32F1xx_HAL_Driver/Src/stm32f1xx_hal_dma.o
LOAD ./Drivers/STM32F1xx_HAL_Driver/Src/stm32f1xx_hal_exti.o
LOAD ./Drivers/STM32F1xx_HAL_Driver/Src/stm32f1xx_hal_flash.o
LOAD ./Drivers/STM32F1xx_HAL_Driver/Src/stm32f1xx_hal_flash_ex.o
LOAD ./Drivers/STM32F1xx_HAL_Driver/Src/stm32f1xx_hal_gpio.o
LOAD ./Drivers/STM32F1xx_HAL_Driver/Src/stm32f1xx_hal_gpio_ex.o
LOAD ./Drivers/STM32F1xx_HAL_Driver/Src/stm32f1xx_hal_pwr.o
LOAD ./Drivers/STM32F1xx_HAL_Driver/Src/stm32f1xx_hal_rcc.o
LOAD ./Drivers/STM32F1xx_HAL_Driver/Src/stm32f1xx_hal_rcc_ex.o
LOAD ./Drivers/STM32F1xx_HAL_Driver/Src/stm32f1xx_hal_tim.o
LOAD ./Drivers/STM32F1xx_HAL_Driver/Src/stm32f1xx_hal_tim_ex.o
START GROUP
LOAD c:/st/stm32cubeide_1.7.0/stm32cubeide/plugins/com.st.stm32cube.ide.mcu.externaltools.gnu-tools-for-stm32.9-2020-q2-update.win32_2.0.0.202105311346/tools/bin/../lib/gcc/arm-none-eabi/9.3.1/../../../../arm-none-eabi/lib/thumb/v7-m/nofp\libc_nano.a
LOAD c:/st/stm32cubeide_1.7.0/stm32cubeide/plugins/com.st.stm32cube.ide.mcu.externaltools.gnu-tools-for-stm32.9-2020-q2-update.win32_2.0.0.202105311346/tools/bin/../lib/gcc/arm-none-eabi/9.3.1/../../../../arm-none-eabi/lib/thumb/v7-m/nofp\libm.a
END GROUP
START GROUP
LOAD c:/st/stm32cubeide_1.7.0/stm32cubeide/plugins/com.st.stm32cube.ide.mcu.externaltools.gnu-tools-for-stm32.9-2020-q2-update.win32_2.0.0.202105311346/tools/bin/../lib/gcc/arm-none-eabi/9.3.1/thumb/v7-m/nofp\libgcc.a
LOAD c:/st/stm32cubeide_1.7.0/stm32cubeide/plugins/com.st.stm32cube.ide.mcu.externaltools.gnu-tools-for-stm32.9-2020-q2-update.win32_2.0.0.202105311346/tools/bin/../lib/gcc/arm-none-eabi/9.3.1/../../../../arm-none-eabi/lib/thumb/v7-m/nofp\libc_nano.a
END GROUP
START GROUP
LOAD c:/st/stm32cubeide_1.7.0/stm32cubeide/plugins/com.st.stm32cube.ide.mcu.externaltools.gnu-tools-for-stm32.9-2020-q2-update.win32_2.0.0.202105311346/tools/bin/../lib/gcc/arm-none-eabi/9.3.1/thumb/v7-m/nofp\libgcc.a
LOAD c:/st/stm32cubeide_1.7.0/stm32cubeide/plugins/com.st.stm32cube.ide.mcu.externaltools.gnu-tools-for-stm32.9-2020-q2-update.win32_2.0.0.202105311346/tools/bin/../lib/gcc/arm-none-eabi/9.3.1/../../../../arm-none-eabi/lib/thumb/v7-m/nofp\libc_nano.a
LOAD c:/st/stm32cubeide_1.7.0/stm32cubeide/plugins/com.st.stm32cube.ide.mcu.externaltools.gnu-tools-for-stm32.9-2020-q2-update.win32_2.0.0.202105311346/tools/bin/../lib/gcc/arm-none-eabi/9.3.1/../../../../arm-none-eabi/lib/thumb/v7-m/nofp\libnosys.a
END GROUP
START GROUP
LOAD c:/st/stm32cubeide_1.7.0/stm32cubeide/plugins/com.st.stm32cube.ide.mcu.externaltools.gnu-tools-for-stm32.9-2020-q2-update.win32_2.0.0.202105311346/tools/bin/../lib/gcc/arm-none-eabi/9.3.1/thumb/v7-m/nofp\libgcc.a
LOAD c:/st/stm32cubeide_1.7.0/stm32cubeide/plugins/com.st.stm32cube.ide.mcu.externaltools.gnu-tools-for-stm32.9-2020-q2-update.win32_2.0.0.202105311346/tools/bin/../lib/gcc/arm-none-eabi/9.3.1/../../../../arm-none-eabi/lib/thumb/v7-m/nofp\libc_nano.a
LOAD c:/st/stm32cubeide_1.7.0/stm32cubeide/plugins/com.st.stm32cube.ide.mcu.externaltools.gnu-tools-for-stm32.9-2020-q2-update.win32_2.0.0.202105311346/tools/bin/../lib/gcc/arm-none-eabi/9.3.1/../../../../arm-none-eabi/lib/thumb/v7-m/nofp\libnosys.a
END GROUP
LOAD c:/st/stm32cubeide_1.7.0/stm32cubeide/plugins/com.st.stm32cube.ide.mcu.externaltools.gnu-tools-for-stm32.9-2020-q2-update.win32_2.0.0.202105311346/tools/bin/../lib/gcc/arm-none-eabi/9.3.1/thumb/v7-m/nofp/crtend.o
LOAD c:/st/stm32cubeide_1.7.0/stm32cubeide/plugins/com.st.stm32cube.ide.mcu.externaltools.gnu-tools-for-stm32.9-2020-q2-update.win32_2.0.0.202105311346/tools/bin/../lib/gcc/arm-none-eabi/9.3.1/thumb/v7-m/nofp/crtn.o
                0x0000000020002800                _estack = (ORIGIN (RAM) + LENGTH (RAM))
                0x0000000000000200                _Min_Heap_Size = 0x200
                0x0000000000000400                _Min_Stack_Size = 0x400

.isr_vector     0x0000000008000000      0x10c
                0x0000000008000000                . = ALIGN (0x4)
 *(.isr_vector)
 .isr_vector    0x0000000008000000      0x10c ./Core/Startup/startup_stm32f103c6ux.o
                0x0000000008000000                g_pfnVectors
                0x000000000800010c                . = ALIGN (0x4)

.text           0x000000000800010c     0x3194
                0x000000000800010c                . = ALIGN (0x4)
 *(.text)
 .text          0x000000000800010c       0x40 c:/st/stm32cubeide_1.7.0/stm32cubeide/plugins/com.st.stm32cube.ide.mcu.externaltools.gnu-tools-for-stm32.9-2020-q2-update.win32_2.0.0.202105311346/tools/bin/../lib/gcc/arm-none-eabi/9.3.1/thumb/v7-m/nofp/crtbegin.o
 .text          0x000000000800014c       0xa0 c:/st/stm32cubeide_1.7.0/stm32cubeide/plugins/com.st.stm32cube.ide.mcu.externaltools.gnu-tools-for-stm32.9-2020-q2-update.win32_2.0.0.202105311346/tools/bin/../lib/gcc/arm-none-eabi/9.3.1/thumb/v7-m/nofp\libgcc.a(_aeabi_ldivmod.o)
                0x000000000800014c                __aeabi_ldivmod
 .text          0x00000000080001ec      0x2c4 c:/st/stm32cubeide_1.7.0/stm32cubeide/plugins/com.st.stm32cube.ide.mcu.externaltools.gnu-tools-for-stm32.9-2020-q2-update.win32_2.0.0.202105311346/tools/bin/../lib/gcc/arm-none-eabi/9.3.1/thumb/v7-m/nofp\libgcc.a(_udivmoddi4.o)
                0x00000000080001ec                __udivmoddi4
 .text          0x00000000080004b0        0x4 c:/st/stm32cubeide_1.7.0/stm32cubeide/plugins/com.st.stm32cube.ide.mcu.externaltools.gnu-tools-for-stm32.9-2020-q2-update.win32_2.0.0.202105311346/tools/bin/../lib/gcc/arm-none-eabi/9.3.1/thumb/v7-m/nofp\libgcc.a(_dvmd_tls.o)
                0x00000000080004b0                __aeabi_idiv0
                0x00000000080004b0                __aeabi_ldiv0
 *(.text*)
 .text.setTimer_12_leds
                0x00000000080004b4       0x34 ./Core/Src/12_leds_timer.o
                0x00000000080004b4                setTimer_12_leds
 .text.timer_12_leds_run
                0x00000000080004e8       0x34 ./Core/Src/12_leds_timer.o
                0x00000000080004e8                timer_12_leds_run
 .text.display7SEG_1
                0x000000000800051c      0x214 ./Core/Src/display_7_segments.o
                0x000000000800051c                display7SEG_1
 .text.display7SEG_2
                0x0000000008000730      0x220 ./Core/Src/display_7_segments.o
                0x0000000008000730                display7SEG_2
 .text.convert_num_to_display7
                0x0000000008000950       0x60 ./Core/Src/display_7_segments.o
                0x0000000008000950                convert_num_to_display7
 .text.setTimer_7_segments_counter
                0x00000000080009b0       0x34 ./Core/Src/display_7_segments_timer.o
                0x00000000080009b0                setTimer_7_segments_counter
 .text.timer_7_segments_counter_run
                0x00000000080009e4       0x50 ./Core/Src/display_7_segments_timer.o
                0x00000000080009e4                timer_7_segments_counter_run
 .text.fsm_12_leds
                0x0000000008000a34      0x5b4 ./Core/Src/fsm_12_leds.o
                0x0000000008000a34                fsm_12_leds
 .text.setINIT_SHOWING
                0x0000000008000fe8       0x40 ./Core/Src/global.o
                0x0000000008000fe8                setINIT_SHOWING
 .text.fsm_for_button0
                0x0000000008001028      0x1c4 ./Core/Src/input_processing.o
                0x0000000008001028                fsm_for_button0
 .text.fsm_for_button1
                0x00000000080011ec       0xe8 ./Core/Src/input_processing.o
                0x00000000080011ec                fsm_for_button1
 .text.fsm_for_button2
                0x00000000080012d4       0xe0 ./Core/Src/input_processing.o
                0x00000000080012d4                fsm_for_button2
 .text.is_button0_pressed
                0x00000000080013b4       0x24 ./Core/Src/input_reading.o
                0x00000000080013b4                is_button0_pressed
 .text.subKeyProcess0
                0x00000000080013d8       0x18 ./Core/Src/input_reading.o
                0x00000000080013d8                subKeyProcess0
 .text.button_reading0
                0x00000000080013f0       0xb0 ./Core/Src/input_reading.o
                0x00000000080013f0                button_reading0
 .text.is_button1_pressed
                0x00000000080014a0       0x24 ./Core/Src/input_reading.o
                0x00000000080014a0                is_button1_pressed
 .text.subKeyProcess1
                0x00000000080014c4       0x18 ./Core/Src/input_reading.o
                0x00000000080014c4                subKeyProcess1
 .text.button_reading1
                0x00000000080014dc       0xc0 ./Core/Src/input_reading.o
                0x00000000080014dc                button_reading1
 .text.is_button2_pressed
                0x000000000800159c       0x24 ./Core/Src/input_reading.o
                0x000000000800159c                is_button2_pressed
 .text.subKeyProcess2
                0x00000000080015c0       0x18 ./Core/Src/input_reading.o
                0x00000000080015c0                subKeyProcess2
 .text.button_reading2
                0x00000000080015d8       0xb0 ./Core/Src/input_reading.o
                0x00000000080015d8                button_reading2
 .text.setTimer_led_blinking_2Hz
                0x0000000008001688       0x34 ./Core/Src/led_blinking_2Hz_timer.o
                0x0000000008001688                setTimer_led_blinking_2Hz
 .text.timer_led_blinking_2Hz_run
                0x00000000080016bc       0x34 ./Core/Src/led_blinking_2Hz_timer.o
                0x00000000080016bc                timer_led_blinking_2Hz_run
 .text.setTimer_led_health
                0x00000000080016f0       0x34 ./Core/Src/led_health_timer.o
                0x00000000080016f0                setTimer_led_health
 .text.timer_led_health_run
                0x0000000008001724       0x34 ./Core/Src/led_health_timer.o
                0x0000000008001724                timer_led_health_run
 .text.main     0x0000000008001758      0x13c ./Core/Src/main.o
                0x0000000008001758                main
 .text.SystemClock_Config
                0x0000000008001894       0x76 ./Core/Src/main.o
                0x0000000008001894                SystemClock_Config
 *fill*         0x000000000800190a        0x2 
 .text.MX_TIM2_Init
                0x000000000800190c       0x98 ./Core/Src/main.o
 .text.MX_GPIO_Init
                0x00000000080019a4       0xe4 ./Core/Src/main.o
 .text.Error_Handler
                0x0000000008001a88        0xa ./Core/Src/main.o
                0x0000000008001a88                Error_Handler
 *fill*         0x0000000008001a92        0x2 
 .text.HAL_MspInit
                0x0000000008001a94       0x64 ./Core/Src/stm32f1xx_hal_msp.o
                0x0000000008001a94                HAL_MspInit
 .text.HAL_TIM_Base_MspInit
                0x0000000008001af8       0x48 ./Core/Src/stm32f1xx_hal_msp.o
                0x0000000008001af8                HAL_TIM_Base_MspInit
 .text.NMI_Handler
                0x0000000008001b40        0x6 ./Core/Src/stm32f1xx_it.o
                0x0000000008001b40                NMI_Handler
 .text.HardFault_Handler
                0x0000000008001b46        0x6 ./Core/Src/stm32f1xx_it.o
                0x0000000008001b46                HardFault_Handler
 .text.MemManage_Handler
                0x0000000008001b4c        0x6 ./Core/Src/stm32f1xx_it.o
                0x0000000008001b4c                MemManage_Handler
 .text.BusFault_Handler
                0x0000000008001b52        0x6 ./Core/Src/stm32f1xx_it.o
                0x0000000008001b52                BusFault_Handler
 .text.UsageFault_Handler
                0x0000000008001b58        0x6 ./Core/Src/stm32f1xx_it.o
                0x0000000008001b58                UsageFault_Handler
 .text.SVC_Handler
                0x0000000008001b5e        0xc ./Core/Src/stm32f1xx_it.o
                0x0000000008001b5e                SVC_Handler
 .text.DebugMon_Handler
                0x0000000008001b6a        0xc ./Core/Src/stm32f1xx_it.o
                0x0000000008001b6a                DebugMon_Handler
 .text.PendSV_Handler
                0x0000000008001b76        0xc ./Core/Src/stm32f1xx_it.o
                0x0000000008001b76                PendSV_Handler
 .text.SysTick_Handler
                0x0000000008001b82        0xc ./Core/Src/stm32f1xx_it.o
                0x0000000008001b82                SysTick_Handler
 *fill*         0x0000000008001b8e        0x2 
 .text.TIM2_IRQHandler
                0x0000000008001b90       0x14 ./Core/Src/stm32f1xx_it.o
                0x0000000008001b90                TIM2_IRQHandler
 .text.SystemInit
                0x0000000008001ba4        0xc ./Core/Src/system_stm32f1xx.o
                0x0000000008001ba4                SystemInit
 .text.HAL_TIM_PeriodElapsedCallback
                0x0000000008001bb0       0x36 ./Core/Src/timer.o
                0x0000000008001bb0                HAL_TIM_PeriodElapsedCallback
 *fill*         0x0000000008001be6        0x2 
 .text.Reset_Handler
                0x0000000008001be8       0x48 ./Core/Startup/startup_stm32f103c6ux.o
                0x0000000008001be8                Reset_Handler
 .text.Default_Handler
                0x0000000008001c30        0x2 ./Core/Startup/startup_stm32f103c6ux.o
                0x0000000008001c30                RTC_Alarm_IRQHandler
                0x0000000008001c30                EXTI2_IRQHandler
                0x0000000008001c30                TIM1_CC_IRQHandler
                0x0000000008001c30                PVD_IRQHandler
                0x0000000008001c30                EXTI3_IRQHandler
                0x0000000008001c30                EXTI0_IRQHandler
                0x0000000008001c30                ADC1_2_IRQHandler
                0x0000000008001c30                SPI1_IRQHandler
                0x0000000008001c30                TAMPER_IRQHandler
                0x0000000008001c30                DMA1_Channel4_IRQHandler
                0x0000000008001c30                RTC_IRQHandler
                0x0000000008001c30                DMA1_Channel7_IRQHandler
                0x0000000008001c30                CAN1_RX1_IRQHandler
                0x0000000008001c30                I2C1_EV_IRQHandler
                0x0000000008001c30                DMA1_Channel6_IRQHandler
                0x0000000008001c30                TIM3_IRQHandler
                0x0000000008001c30                RCC_IRQHandler
                0x0000000008001c30                TIM1_TRG_COM_IRQHandler
                0x0000000008001c30                DMA1_Channel1_IRQHandler
                0x0000000008001c30                Default_Handler
                0x0000000008001c30                EXTI15_10_IRQHandler
                0x0000000008001c30                EXTI9_5_IRQHandler
                0x0000000008001c30                DMA1_Channel5_IRQHandler
                0x0000000008001c30                EXTI4_IRQHandler
                0x0000000008001c30                USB_LP_CAN1_RX0_IRQHandler
                0x0000000008001c30                USB_HP_CAN1_TX_IRQHandler
                0x0000000008001c30                DMA1_Channel3_IRQHandler
                0x0000000008001c30                TIM1_UP_IRQHandler
                0x0000000008001c30                WWDG_IRQHandler
                0x0000000008001c30                TIM1_BRK_IRQHandler
                0x0000000008001c30                EXTI1_IRQHandler
                0x0000000008001c30                USART2_IRQHandler
                0x0000000008001c30                DMA1_Channel2_IRQHandler
                0x0000000008001c30                CAN1_SCE_IRQHandler
                0x0000000008001c30                FLASH_IRQHandler
                0x0000000008001c30                USART1_IRQHandler
                0x0000000008001c30                I2C1_ER_IRQHandler
                0x0000000008001c30                USBWakeUp_IRQHandler
 *fill*         0x0000000008001c32        0x2 
 .text.HAL_Init
                0x0000000008001c34       0x2c ./Drivers/STM32F1xx_HAL_Driver/Src/stm32f1xx_hal.o
                0x0000000008001c34                HAL_Init
 .text.HAL_InitTick
                0x0000000008001c60       0x60 ./Drivers/STM32F1xx_HAL_Driver/Src/stm32f1xx_hal.o
                0x0000000008001c60                HAL_InitTick
 .text.HAL_IncTick
                0x0000000008001cc0       0x24 ./Drivers/STM32F1xx_HAL_Driver/Src/stm32f1xx_hal.o
                0x0000000008001cc0                HAL_IncTick
 .text.HAL_GetTick
                0x0000000008001ce4       0x14 ./Drivers/STM32F1xx_HAL_Driver/Src/stm32f1xx_hal.o
                0x0000000008001ce4                HAL_GetTick
 .text.__NVIC_SetPriorityGrouping
                0x0000000008001cf8       0x48 ./Drivers/STM32F1xx_HAL_Driver/Src/stm32f1xx_hal_cortex.o
 .text.__NVIC_GetPriorityGrouping
                0x0000000008001d40       0x1c ./Drivers/STM32F1xx_HAL_Driver/Src/stm32f1xx_hal_cortex.o
 .text.__NVIC_EnableIRQ
                0x0000000008001d5c       0x38 ./Drivers/STM32F1xx_HAL_Driver/Src/stm32f1xx_hal_cortex.o
 .text.__NVIC_SetPriority
                0x0000000008001d94       0x54 ./Drivers/STM32F1xx_HAL_Driver/Src/stm32f1xx_hal_cortex.o
 .text.NVIC_EncodePriority
                0x0000000008001de8       0x64 ./Drivers/STM32F1xx_HAL_Driver/Src/stm32f1xx_hal_cortex.o
 .text.SysTick_Config
                0x0000000008001e4c       0x44 ./Drivers/STM32F1xx_HAL_Driver/Src/stm32f1xx_hal_cortex.o
 .text.HAL_NVIC_SetPriorityGrouping
                0x0000000008001e90       0x16 ./Drivers/STM32F1xx_HAL_Driver/Src/stm32f1xx_hal_cortex.o
                0x0000000008001e90                HAL_NVIC_SetPriorityGrouping
 .text.HAL_NVIC_SetPriority
                0x0000000008001ea6       0x38 ./Drivers/STM32F1xx_HAL_Driver/Src/stm32f1xx_hal_cortex.o
                0x0000000008001ea6                HAL_NVIC_SetPriority
 .text.HAL_NVIC_EnableIRQ
                0x0000000008001ede       0x1c ./Drivers/STM32F1xx_HAL_Driver/Src/stm32f1xx_hal_cortex.o
                0x0000000008001ede                HAL_NVIC_EnableIRQ
 .text.HAL_SYSTICK_Config
                0x0000000008001efa       0x18 ./Drivers/STM32F1xx_HAL_Driver/Src/stm32f1xx_hal_cortex.o
                0x0000000008001efa                HAL_SYSTICK_Config
 *fill*         0x0000000008001f12        0x2 
 .text.HAL_GPIO_Init
                0x0000000008001f14      0x2f4 ./Drivers/STM32F1xx_HAL_Driver/Src/stm32f1xx_hal_gpio.o
                0x0000000008001f14                HAL_GPIO_Init
 .text.HAL_GPIO_ReadPin
                0x0000000008002208       0x2e ./Drivers/STM32F1xx_HAL_Driver/Src/stm32f1xx_hal_gpio.o
                0x0000000008002208                HAL_GPIO_ReadPin
 .text.HAL_GPIO_WritePin
                0x0000000008002236       0x30 ./Drivers/STM32F1xx_HAL_Driver/Src/stm32f1xx_hal_gpio.o
                0x0000000008002236                HAL_GPIO_WritePin
 .text.HAL_GPIO_TogglePin
                0x0000000008002266       0x32 ./Drivers/STM32F1xx_HAL_Driver/Src/stm32f1xx_hal_gpio.o
                0x0000000008002266                HAL_GPIO_TogglePin
 .text.HAL_RCC_OscConfig
                0x0000000008002298      0x500 ./Drivers/STM32F1xx_HAL_Driver/Src/stm32f1xx_hal_rcc.o
                0x0000000008002298                HAL_RCC_OscConfig
 .text.HAL_RCC_ClockConfig
                0x0000000008002798      0x1d4 ./Drivers/STM32F1xx_HAL_Driver/Src/stm32f1xx_hal_rcc.o
                0x0000000008002798                HAL_RCC_ClockConfig
 .text.HAL_RCC_GetSysClockFreq
                0x000000000800296c       0xc0 ./Drivers/STM32F1xx_HAL_Driver/Src/stm32f1xx_hal_rcc.o
                0x000000000800296c                HAL_RCC_GetSysClockFreq
 .text.RCC_Delay
                0x0000000008002a2c       0x3c ./Drivers/STM32F1xx_HAL_Driver/Src/stm32f1xx_hal_rcc.o
 .text.HAL_TIM_Base_Init
                0x0000000008002a68       0x9e ./Drivers/STM32F1xx_HAL_Driver/Src/stm32f1xx_hal_tim.o
                0x0000000008002a68                HAL_TIM_Base_Init
 *fill*         0x0000000008002b06        0x2 
 .text.HAL_TIM_Base_Start_IT
                0x0000000008002b08       0x98 ./Drivers/STM32F1xx_HAL_Driver/Src/stm32f1xx_hal_tim.o
                0x0000000008002b08                HAL_TIM_Base_Start_IT
 .text.HAL_TIM_IRQHandler
                0x0000000008002ba0      0x210 ./Drivers/STM32F1xx_HAL_Driver/Src/stm32f1xx_hal_tim.o
                0x0000000008002ba0                HAL_TIM_IRQHandler
 .text.HAL_TIM_ConfigClockSource
                0x0000000008002db0      0x188 ./Drivers/STM32F1xx_HAL_Driver/Src/stm32f1xx_hal_tim.o
                0x0000000008002db0                HAL_TIM_ConfigClockSource
 .text.HAL_TIM_OC_DelayElapsedCallback
                0x0000000008002f38       0x12 ./Drivers/STM32F1xx_HAL_Driver/Src/stm32f1xx_hal_tim.o
                0x0000000008002f38                HAL_TIM_OC_DelayElapsedCallback
 .text.HAL_TIM_IC_CaptureCallback
                0x0000000008002f4a       0x12 ./Drivers/STM32F1xx_HAL_Driver/Src/stm32f1xx_hal_tim.o
                0x0000000008002f4a                HAL_TIM_IC_CaptureCallback
 .text.HAL_TIM_PWM_PulseFinishedCallback
                0x0000000008002f5c       0x12 ./Drivers/STM32F1xx_HAL_Driver/Src/stm32f1xx_hal_tim.o
                0x0000000008002f5c                HAL_TIM_PWM_PulseFinishedCallback
 .text.HAL_TIM_TriggerCallback
                0x0000000008002f6e       0x12 ./Drivers/STM32F1xx_HAL_Driver/Src/stm32f1xx_hal_tim.o
                0x0000000008002f6e                HAL_TIM_TriggerCallback
 .text.TIM_Base_SetConfig
                0x0000000008002f80       0xb0 ./Drivers/STM32F1xx_HAL_Driver/Src/stm32f1xx_hal_tim.o
                0x0000000008002f80                TIM_Base_SetConfig
 .text.TIM_TI1_ConfigInputStage
                0x0000000008003030       0x5c ./Drivers/STM32F1xx_HAL_Driver/Src/stm32f1xx_hal_tim.o
 .text.TIM_TI2_ConfigInputStage
                0x000000000800308c       0x5e ./Drivers/STM32F1xx_HAL_Driver/Src/stm32f1xx_hal_tim.o
 .text.TIM_ITRx_SetConfig
                0x00000000080030ea       0x34 ./Drivers/STM32F1xx_HAL_Driver/Src/stm32f1xx_hal_tim.o
 .text.TIM_ETR_SetConfig
                0x000000000800311e       0x3e ./Drivers/STM32F1xx_HAL_Driver/Src/stm32f1xx_hal_tim.o
                0x000000000800311e                TIM_ETR_SetConfig
 .text.HAL_TIMEx_MasterConfigSynchronization
                0x000000000800315c       0xb0 ./Drivers/STM32F1xx_HAL_Driver/Src/stm32f1xx_hal_tim_ex.o
                0x000000000800315c                HAL_TIMEx_MasterConfigSynchronization
 .text.HAL_TIMEx_CommutCallback
                0x000000000800320c       0x12 ./Drivers/STM32F1xx_HAL_Driver/Src/stm32f1xx_hal_tim_ex.o
                0x000000000800320c                HAL_TIMEx_CommutCallback
 .text.HAL_TIMEx_BreakCallback
                0x000000000800321e       0x12 ./Drivers/STM32F1xx_HAL_Driver/Src/stm32f1xx_hal_tim_ex.o
                0x000000000800321e                HAL_TIMEx_BreakCallback
 .text.__libc_init_array
                0x0000000008003230       0x48 c:/st/stm32cubeide_1.7.0/stm32cubeide/plugins/com.st.stm32cube.ide.mcu.externaltools.gnu-tools-for-stm32.9-2020-q2-update.win32_2.0.0.202105311346/tools/bin/../lib/gcc/arm-none-eabi/9.3.1/../../../../arm-none-eabi/lib/thumb/v7-m/nofp\libc_nano.a(lib_a-init.o)
                0x0000000008003230                __libc_init_array
 .text.memset   0x0000000008003278       0x10 c:/st/stm32cubeide_1.7.0/stm32cubeide/plugins/com.st.stm32cube.ide.mcu.externaltools.gnu-tools-for-stm32.9-2020-q2-update.win32_2.0.0.202105311346/tools/bin/../lib/gcc/arm-none-eabi/9.3.1/../../../../arm-none-eabi/lib/thumb/v7-m/nofp\libc_nano.a(lib_a-memset.o)
                0x0000000008003278                memset
 *(.glue_7)
 .glue_7        0x0000000008003288        0x0 linker stubs
 *(.glue_7t)
 .glue_7t       0x0000000008003288        0x0 linker stubs
 *(.eh_frame)
 .eh_frame      0x0000000008003288        0x0 c:/st/stm32cubeide_1.7.0/stm32cubeide/plugins/com.st.stm32cube.ide.mcu.externaltools.gnu-tools-for-stm32.9-2020-q2-update.win32_2.0.0.202105311346/tools/bin/../lib/gcc/arm-none-eabi/9.3.1/thumb/v7-m/nofp/crtbegin.o
 *(.init)
 .init          0x0000000008003288        0x4 c:/st/stm32cubeide_1.7.0/stm32cubeide/plugins/com.st.stm32cube.ide.mcu.externaltools.gnu-tools-for-stm32.9-2020-q2-update.win32_2.0.0.202105311346/tools/bin/../lib/gcc/arm-none-eabi/9.3.1/thumb/v7-m/nofp/crti.o
                0x0000000008003288                _init
 .init          0x000000000800328c        0x8 c:/st/stm32cubeide_1.7.0/stm32cubeide/plugins/com.st.stm32cube.ide.mcu.externaltools.gnu-tools-for-stm32.9-2020-q2-update.win32_2.0.0.202105311346/tools/bin/../lib/gcc/arm-none-eabi/9.3.1/thumb/v7-m/nofp/crtn.o
 *(.fini)
 .fini          0x0000000008003294        0x4 c:/st/stm32cubeide_1.7.0/stm32cubeide/plugins/com.st.stm32cube.ide.mcu.externaltools.gnu-tools-for-stm32.9-2020-q2-update.win32_2.0.0.202105311346/tools/bin/../lib/gcc/arm-none-eabi/9.3.1/thumb/v7-m/nofp/crti.o
                0x0000000008003294                _fini
 .fini          0x0000000008003298        0x8 c:/st/stm32cubeide_1.7.0/stm32cubeide/plugins/com.st.stm32cube.ide.mcu.externaltools.gnu-tools-for-stm32.9-2020-q2-update.win32_2.0.0.202105311346/tools/bin/../lib/gcc/arm-none-eabi/9.3.1/thumb/v7-m/nofp/crtn.o
                0x00000000080032a0                . = ALIGN (0x4)
                0x00000000080032a0                _etext = .

.vfp11_veneer   0x00000000080032a0        0x0
 .vfp11_veneer  0x00000000080032a0        0x0 linker stubs

.v4_bx          0x00000000080032a0        0x0
 .v4_bx         0x00000000080032a0        0x0 linker stubs

.iplt           0x00000000080032a0        0x0
 .iplt          0x00000000080032a0        0x0 c:/st/stm32cubeide_1.7.0/stm32cubeide/plugins/com.st.stm32cube.ide.mcu.externaltools.gnu-tools-for-stm32.9-2020-q2-update.win32_2.0.0.202105311346/tools/bin/../lib/gcc/arm-none-eabi/9.3.1/thumb/v7-m/nofp/crtbegin.o

.rodata         0x00000000080032a0       0x20
                0x00000000080032a0                . = ALIGN (0x4)
 *(.rodata)
 .rodata        0x00000000080032a0       0x10 ./Drivers/STM32F1xx_HAL_Driver/Src/stm32f1xx_hal_rcc.o
 *(.rodata*)
 .rodata.AHBPrescTable
                0x00000000080032b0       0x10 ./Core/Src/system_stm32f1xx.o
                0x00000000080032b0                AHBPrescTable
                0x00000000080032c0                . = ALIGN (0x4)

.ARM.extab      0x00000000080032c0        0x0
                0x00000000080032c0                . = ALIGN (0x4)
 *(.ARM.extab* .gnu.linkonce.armextab.*)
                0x00000000080032c0                . = ALIGN (0x4)

.ARM            0x00000000080032c0        0x8
                0x00000000080032c0                . = ALIGN (0x4)
                0x00000000080032c0                __exidx_start = .
 *(.ARM.exidx*)
 .ARM.exidx     0x00000000080032c0        0x8 c:/st/stm32cubeide_1.7.0/stm32cubeide/plugins/com.st.stm32cube.ide.mcu.externaltools.gnu-tools-for-stm32.9-2020-q2-update.win32_2.0.0.202105311346/tools/bin/../lib/gcc/arm-none-eabi/9.3.1/thumb/v7-m/nofp\libgcc.a(_udivmoddi4.o)
                0x00000000080032c8                __exidx_end = .
                0x00000000080032c8                . = ALIGN (0x4)

.rel.dyn        0x00000000080032c8        0x0
 .rel.iplt      0x00000000080032c8        0x0 c:/st/stm32cubeide_1.7.0/stm32cubeide/plugins/com.st.stm32cube.ide.mcu.externaltools.gnu-tools-for-stm32.9-2020-q2-update.win32_2.0.0.202105311346/tools/bin/../lib/gcc/arm-none-eabi/9.3.1/thumb/v7-m/nofp/crtbegin.o

.preinit_array  0x00000000080032c8        0x0
                0x00000000080032c8                . = ALIGN (0x4)
                0x00000000080032c8                PROVIDE (__preinit_array_start = .)
 *(.preinit_array*)
                0x00000000080032c8                PROVIDE (__preinit_array_end = .)
                0x00000000080032c8                . = ALIGN (0x4)

.init_array     0x00000000080032c8        0x4
                0x00000000080032c8                . = ALIGN (0x4)
                0x00000000080032c8                PROVIDE (__init_array_start = .)
 *(SORT_BY_NAME(.init_array.*))
 *(.init_array*)
 .init_array    0x00000000080032c8        0x4 c:/st/stm32cubeide_1.7.0/stm32cubeide/plugins/com.st.stm32cube.ide.mcu.externaltools.gnu-tools-for-stm32.9-2020-q2-update.win32_2.0.0.202105311346/tools/bin/../lib/gcc/arm-none-eabi/9.3.1/thumb/v7-m/nofp/crtbegin.o
                0x00000000080032cc                PROVIDE (__init_array_end = .)
                0x00000000080032cc                . = ALIGN (0x4)

.fini_array     0x00000000080032cc        0x4
                0x00000000080032cc                . = ALIGN (0x4)
                [!provide]                        PROVIDE (__fini_array_start = .)
 *(SORT_BY_NAME(.fini_array.*))
 *(.fini_array*)
 .fini_array    0x00000000080032cc        0x4 c:/st/stm32cubeide_1.7.0/stm32cubeide/plugins/com.st.stm32cube.ide.mcu.externaltools.gnu-tools-for-stm32.9-2020-q2-update.win32_2.0.0.202105311346/tools/bin/../lib/gcc/arm-none-eabi/9.3.1/thumb/v7-m/nofp/crtbegin.o
                [!provide]                        PROVIDE (__fini_array_end = .)
                0x00000000080032d0                . = ALIGN (0x4)
                0x00000000080032d0                _sidata = LOADADDR (.data)

.data           0x0000000020000000       0x74 load address 0x00000000080032d0
                0x0000000020000000                . = ALIGN (0x4)
                0x0000000020000000                _sdata = .
 *(.data)
 *(.data*)
 .data._7_segments_turn
                0x0000000020000000        0x4 ./Core/Src/display_7_segments_timer.o
                0x0000000020000000                _7_segments_turn
 .data.red_time
                0x0000000020000004        0x4 ./Core/Src/global.o
                0x0000000020000004                red_time
 .data.green_time
                0x0000000020000008        0x4 ./Core/Src/global.o
                0x0000000020000008                green_time
 .data.yellow_time
                0x000000002000000c        0x4 ./Core/Src/global.o
                0x000000002000000c                yellow_time
 .data.current_road1_time
                0x0000000020000010        0x4 ./Core/Src/global.o
                0x0000000020000010                current_road1_time
 .data.current_road2_time
                0x0000000020000014        0x4 ./Core/Src/global.o
                0x0000000020000014                current_road2_time
 .data.current_led_road2
                0x0000000020000018        0x4 ./Core/Src/global.o
                0x0000000020000018                current_led_road2
 .data.current_mode
                0x000000002000001c        0x4 ./Core/Src/global.o
                0x000000002000001c                current_mode
 .data.red_buffer
                0x0000000020000020        0x4 ./Core/Src/global.o
                0x0000000020000020                red_buffer
 .data.green_buffer
                0x0000000020000024        0x4 ./Core/Src/global.o
                0x0000000020000024                green_buffer
 .data.yellow_buffer
                0x0000000020000028        0x4 ./Core/Src/global.o
                0x0000000020000028                yellow_buffer
 *fill*         0x000000002000002c        0x4 
 .data.totalHz  0x0000000020000030        0x8 ./Core/Src/global.o
                0x0000000020000030                totalHz
 .data.keyReg0_0
                0x0000000020000038        0x4 ./Core/Src/input_reading.o
                0x0000000020000038                keyReg0_0
 .data.keyReg1_0
                0x000000002000003c        0x4 ./Core/Src/input_reading.o
                0x000000002000003c                keyReg1_0
 .data.keyReg2_0
                0x0000000020000040        0x4 ./Core/Src/input_reading.o
                0x0000000020000040                keyReg2_0
 .data.keyReg3_0
                0x0000000020000044        0x4 ./Core/Src/input_reading.o
                0x0000000020000044                keyReg3_0
 .data.keyReg0_1
                0x0000000020000048        0x4 ./Core/Src/input_reading.o
                0x0000000020000048                keyReg0_1
 .data.keyReg1_1
                0x000000002000004c        0x4 ./Core/Src/input_reading.o
                0x000000002000004c                keyReg1_1
 .data.keyReg2_1
                0x0000000020000050        0x4 ./Core/Src/input_reading.o
                0x0000000020000050                keyReg2_1
 .data.keyReg3_1
                0x0000000020000054        0x4 ./Core/Src/input_reading.o
                0x0000000020000054                keyReg3_1
 .data.keyReg0_2
                0x0000000020000058        0x4 ./Core/Src/input_reading.o
                0x0000000020000058                keyReg0_2
 .data.keyReg1_2
                0x000000002000005c        0x4 ./Core/Src/input_reading.o
                0x000000002000005c                keyReg1_2
 .data.keyReg2_2
                0x0000000020000060        0x4 ./Core/Src/input_reading.o
                0x0000000020000060                keyReg2_2
 .data.keyReg3_2
                0x0000000020000064        0x4 ./Core/Src/input_reading.o
                0x0000000020000064                keyReg3_2
 .data.SystemCoreClock
                0x0000000020000068        0x4 ./Core/Src/system_stm32f1xx.o
                0x0000000020000068                SystemCoreClock
 .data.uwTickPrio
                0x000000002000006c        0x4 ./Drivers/STM32F1xx_HAL_Driver/Src/stm32f1xx_hal.o
                0x000000002000006c                uwTickPrio
 .data.uwTickFreq
                0x0000000020000070        0x1 ./Drivers/STM32F1xx_HAL_Driver/Src/stm32f1xx_hal.o
                0x0000000020000070                uwTickFreq
 *(.RamFunc)
 *(.RamFunc*)
                0x0000000020000074                . = ALIGN (0x4)
 *fill*         0x0000000020000071        0x3 
                0x0000000020000074                _edata = .

.igot.plt       0x0000000020000074        0x0 load address 0x0000000008003344
 .igot.plt      0x0000000020000074        0x0 c:/st/stm32cubeide_1.7.0/stm32cubeide/plugins/com.st.stm32cube.ide.mcu.externaltools.gnu-tools-for-stm32.9-2020-q2-update.win32_2.0.0.202105311346/tools/bin/../lib/gcc/arm-none-eabi/9.3.1/thumb/v7-m/nofp/crtbegin.o
                0x0000000020000074                . = ALIGN (0x4)

.bss            0x0000000020000078       0xc8 load address 0x0000000008003344
                0x0000000020000078                _sbss = .
                0x0000000020000078                __bss_start__ = _sbss
 *(.bss)
 .bss           0x0000000020000078       0x1c c:/st/stm32cubeide_1.7.0/stm32cubeide/plugins/com.st.stm32cube.ide.mcu.externaltools.gnu-tools-for-stm32.9-2020-q2-update.win32_2.0.0.202105311346/tools/bin/../lib/gcc/arm-none-eabi/9.3.1/thumb/v7-m/nofp/crtbegin.o
 *(.bss*)
 .bss._7_segments_counter
                0x0000000020000094        0x4 ./Core/Src/display_7_segments_timer.o
                0x0000000020000094                _7_segments_counter
 .bss._7_segments_flag
                0x0000000020000098        0x4 ./Core/Src/display_7_segments_timer.o
                0x0000000020000098                _7_segments_flag
 .bss.current_led_road1
                0x000000002000009c        0x4 ./Core/Src/global.o
                0x000000002000009c                current_led_road1
 .bss.button0   0x00000000200000a0        0x1 ./Core/Src/input_processing.o
                0x00000000200000a0                button0
 .bss.button1   0x00000000200000a1        0x1 ./Core/Src/input_processing.o
                0x00000000200000a1                button1
 .bss.button2   0x00000000200000a2        0x1 ./Core/Src/input_processing.o
                0x00000000200000a2                button2
 *fill*         0x00000000200000a3        0x1 
 .bss.counter0  0x00000000200000a4        0x4 ./Core/Src/input_reading.o
                0x00000000200000a4                counter0
 .bss.btn0_flag
                0x00000000200000a8        0x4 ./Core/Src/input_reading.o
                0x00000000200000a8                btn0_flag
 .bss.counter1  0x00000000200000ac        0x4 ./Core/Src/input_reading.o
                0x00000000200000ac                counter1
 .bss.btn1_flag
                0x00000000200000b0        0x4 ./Core/Src/input_reading.o
                0x00000000200000b0                btn1_flag
 .bss.counter2  0x00000000200000b4        0x4 ./Core/Src/input_reading.o
                0x00000000200000b4                counter2
 .bss.btn2_flag
                0x00000000200000b8        0x4 ./Core/Src/input_reading.o
                0x00000000200000b8                btn2_flag
 .bss.led_blinking_2Hz_counter
                0x00000000200000bc        0x4 ./Core/Src/led_blinking_2Hz_timer.o
                0x00000000200000bc                led_blinking_2Hz_counter
 .bss.led_blinking_2Hz_flag
                0x00000000200000c0        0x4 ./Core/Src/led_blinking_2Hz_timer.o
                0x00000000200000c0                led_blinking_2Hz_flag
 *(COMMON)
 COMMON         0x00000000200000c4        0x8 ./Core/Src/12_leds_timer.o
                0x00000000200000c4                _12_leds_counter
                0x00000000200000c8                _12_leds_flag
 COMMON         0x00000000200000cc        0x8 ./Core/Src/fsm_12_leds.o
                0x00000000200000cc                led_health_counter
                0x00000000200000d0                status_12_leds
 *fill*         0x00000000200000d4        0x4 
 COMMON         0x00000000200000d8       0x18 ./Core/Src/global.o
                0x00000000200000d8                prescaler_htim2
                0x00000000200000e0                time_interupt_duration
                0x00000000200000e8                periodCounter_htim2
 COMMON         0x00000000200000f0        0x4 ./Core/Src/led_health_timer.o
                0x00000000200000f0                led_health_flag
 COMMON         0x00000000200000f4       0x48 ./Core/Src/main.o
                0x00000000200000f4                htim2
 COMMON         0x000000002000013c        0x4 ./Drivers/STM32F1xx_HAL_Driver/Src/stm32f1xx_hal.o
                0x000000002000013c                uwTick
                0x0000000020000140                . = ALIGN (0x4)
                0x0000000020000140                _ebss = .
                0x0000000020000140                __bss_end__ = _ebss

._user_heap_stack
                0x0000000020000140      0x600 load address 0x0000000008003344
                0x0000000020000140                . = ALIGN (0x8)
                [!provide]                        PROVIDE (end = .)
                0x0000000020000140                PROVIDE (_end = .)
                0x0000000020000340                . = (. + _Min_Heap_Size)
 *fill*         0x0000000020000140      0x200 
                0x0000000020000740                . = (. + _Min_Stack_Size)
 *fill*         0x0000000020000340      0x400 
                0x0000000020000740                . = ALIGN (0x8)

/DISCARD/
 libc.a(*)
 libm.a(*)
 libgcc.a(*)

.ARM.attributes
                0x0000000000000000       0x29
 *(.ARM.attributes)
 .ARM.attributes
                0x0000000000000000       0x1d c:/st/stm32cubeide_1.7.0/stm32cubeide/plugins/com.st.stm32cube.ide.mcu.externaltools.gnu-tools-for-stm32.9-2020-q2-update.win32_2.0.0.202105311346/tools/bin/../lib/gcc/arm-none-eabi/9.3.1/thumb/v7-m/nofp/crti.o
 .ARM.attributes
                0x000000000000001d       0x2d c:/st/stm32cubeide_1.7.0/stm32cubeide/plugins/com.st.stm32cube.ide.mcu.externaltools.gnu-tools-for-stm32.9-2020-q2-update.win32_2.0.0.202105311346/tools/bin/../lib/gcc/arm-none-eabi/9.3.1/thumb/v7-m/nofp/crtbegin.o
 .ARM.attributes
                0x000000000000004a       0x2d ./Core/Src/12_leds_timer.o
 .ARM.attributes
                0x0000000000000077       0x2d ./Core/Src/display_7_segments.o
 .ARM.attributes
                0x00000000000000a4       0x2d ./Core/Src/display_7_segments_timer.o
 .ARM.attributes
                0x00000000000000d1       0x2d ./Core/Src/fsm_12_leds.o
 .ARM.attributes
                0x00000000000000fe       0x2d ./Core/Src/global.o
 .ARM.attributes
                0x000000000000012b       0x2d ./Core/Src/input_processing.o
 .ARM.attributes
                0x0000000000000158       0x2d ./Core/Src/input_reading.o
 .ARM.attributes
                0x0000000000000185       0x2d ./Core/Src/led_blinking_2Hz_timer.o
 .ARM.attributes
                0x00000000000001b2       0x2d ./Core/Src/led_health_timer.o
 .ARM.attributes
                0x00000000000001df       0x2d ./Core/Src/main.o
 .ARM.attributes
                0x000000000000020c       0x2d ./Core/Src/stm32f1xx_hal_msp.o
 .ARM.attributes
                0x0000000000000239       0x2d ./Core/Src/stm32f1xx_it.o
 .ARM.attributes
                0x0000000000000266       0x2d ./Core/Src/system_stm32f1xx.o
 .ARM.attributes
                0x0000000000000293       0x2d ./Core/Src/timer.o
 .ARM.attributes
                0x00000000000002c0       0x21 ./Core/Startup/startup_stm32f103c6ux.o
 .ARM.attributes
                0x00000000000002e1       0x2d ./Drivers/STM32F1xx_HAL_Driver/Src/stm32f1xx_hal.o
 .ARM.attributes
                0x000000000000030e       0x2d ./Drivers/STM32F1xx_HAL_Driver/Src/stm32f1xx_hal_cortex.o
 .ARM.attributes
                0x000000000000033b       0x2d ./Drivers/STM32F1xx_HAL_Driver/Src/stm32f1xx_hal_gpio.o
 .ARM.attributes
                0x0000000000000368       0x2d ./Drivers/STM32F1xx_HAL_Driver/Src/stm32f1xx_hal_rcc.o
 .ARM.attributes
                0x0000000000000395       0x2d ./Drivers/STM32F1xx_HAL_Driver/Src/stm32f1xx_hal_tim.o
 .ARM.attributes
                0x00000000000003c2       0x2d ./Drivers/STM32F1xx_HAL_Driver/Src/stm32f1xx_hal_tim_ex.o
 .ARM.attributes
                0x00000000000003ef       0x2d c:/st/stm32cubeide_1.7.0/stm32cubeide/plugins/com.st.stm32cube.ide.mcu.externaltools.gnu-tools-for-stm32.9-2020-q2-update.win32_2.0.0.202105311346/tools/bin/../lib/gcc/arm-none-eabi/9.3.1/../../../../arm-none-eabi/lib/thumb/v7-m/nofp\libc_nano.a(lib_a-init.o)
 .ARM.attributes
                0x000000000000041c       0x2d c:/st/stm32cubeide_1.7.0/stm32cubeide/plugins/com.st.stm32cube.ide.mcu.externaltools.gnu-tools-for-stm32.9-2020-q2-update.win32_2.0.0.202105311346/tools/bin/../lib/gcc/arm-none-eabi/9.3.1/../../../../arm-none-eabi/lib/thumb/v7-m/nofp\libc_nano.a(lib_a-memset.o)
 .ARM.attributes
                0x0000000000000449       0x1d c:/st/stm32cubeide_1.7.0/stm32cubeide/plugins/com.st.stm32cube.ide.mcu.externaltools.gnu-tools-for-stm32.9-2020-q2-update.win32_2.0.0.202105311346/tools/bin/../lib/gcc/arm-none-eabi/9.3.1/thumb/v7-m/nofp\libgcc.a(_aeabi_ldivmod.o)
 .ARM.attributes
                0x0000000000000466       0x2d c:/st/stm32cubeide_1.7.0/stm32cubeide/plugins/com.st.stm32cube.ide.mcu.externaltools.gnu-tools-for-stm32.9-2020-q2-update.win32_2.0.0.202105311346/tools/bin/../lib/gcc/arm-none-eabi/9.3.1/thumb/v7-m/nofp\libgcc.a(_udivmoddi4.o)
 .ARM.attributes
                0x0000000000000493       0x1d c:/st/stm32cubeide_1.7.0/stm32cubeide/plugins/com.st.stm32cube.ide.mcu.externaltools.gnu-tools-for-stm32.9-2020-q2-update.win32_2.0.0.202105311346/tools/bin/../lib/gcc/arm-none-eabi/9.3.1/thumb/v7-m/nofp\libgcc.a(_dvmd_tls.o)
 .ARM.attributes
                0x00000000000004b0       0x1d c:/st/stm32cubeide_1.7.0/stm32cubeide/plugins/com.st.stm32cube.ide.mcu.externaltools.gnu-tools-for-stm32.9-2020-q2-update.win32_2.0.0.202105311346/tools/bin/../lib/gcc/arm-none-eabi/9.3.1/thumb/v7-m/nofp/crtn.o
OUTPUT(lab3.elf elf32-littlearm)
LOAD linker stubs
LOAD c:/st/stm32cubeide_1.7.0/stm32cubeide/plugins/com.st.stm32cube.ide.mcu.externaltools.gnu-tools-for-stm32.9-2020-q2-update.win32_2.0.0.202105311346/tools/bin/../lib/gcc/arm-none-eabi/9.3.1/../../../../arm-none-eabi/lib/thumb/v7-m/nofp\libc.a
LOAD c:/st/stm32cubeide_1.7.0/stm32cubeide/plugins/com.st.stm32cube.ide.mcu.externaltools.gnu-tools-for-stm32.9-2020-q2-update.win32_2.0.0.202105311346/tools/bin/../lib/gcc/arm-none-eabi/9.3.1/../../../../arm-none-eabi/lib/thumb/v7-m/nofp\libm.a
LOAD c:/st/stm32cubeide_1.7.0/stm32cubeide/plugins/com.st.stm32cube.ide.mcu.externaltools.gnu-tools-for-stm32.9-2020-q2-update.win32_2.0.0.202105311346/tools/bin/../lib/gcc/arm-none-eabi/9.3.1/thumb/v7-m/nofp\libgcc.a

.debug_info     0x0000000000000000     0xa54f
 .debug_info    0x0000000000000000      0x153 ./Core/Src/12_leds_timer.o
 .debug_info    0x0000000000000153      0x35e ./Core/Src/display_7_segments.o
 .debug_info    0x00000000000004b1      0x2ae ./Core/Src/display_7_segments_timer.o
 .debug_info    0x000000000000075f      0x3b9 ./Core/Src/fsm_12_leds.o
 .debug_info    0x0000000000000b18      0x318 ./Core/Src/global.o
 .debug_info    0x0000000000000e30      0x416 ./Core/Src/input_processing.o
 .debug_info    0x0000000000001246      0x4b8 ./Core/Src/input_reading.o
 .debug_info    0x00000000000016fe      0x153 ./Core/Src/led_blinking_2Hz_timer.o
 .debug_info    0x0000000000001851      0x153 ./Core/Src/led_health_timer.o
 .debug_info    0x00000000000019a4      0xd08 ./Core/Src/main.o
 .debug_info    0x00000000000026ac      0xa04 ./Core/Src/stm32f1xx_hal_msp.o
 .debug_info    0x00000000000030b0      0x7b4 ./Core/Src/stm32f1xx_it.o
 .debug_info    0x0000000000003864      0x2be ./Core/Src/system_stm32f1xx.o
 .debug_info    0x0000000000003b22      0x858 ./Core/Src/timer.o
 .debug_info    0x000000000000437a       0x22 ./Core/Startup/startup_stm32f103c6ux.o
 .debug_info    0x000000000000439c      0x74c ./Drivers/STM32F1xx_HAL_Driver/Src/stm32f1xx_hal.o
 .debug_info    0x0000000000004ae8      0xbbe ./Drivers/STM32F1xx_HAL_Driver/Src/stm32f1xx_hal_cortex.o
 .debug_info    0x00000000000056a6      0x701 ./Drivers/STM32F1xx_HAL_Driver/Src/stm32f1xx_hal_gpio.o
 .debug_info    0x0000000000005da7      0x88e ./Drivers/STM32F1xx_HAL_Driver/Src/stm32f1xx_hal_rcc.o
 .debug_info    0x0000000000006635     0x2a45 ./Drivers/STM32F1xx_HAL_Driver/Src/stm32f1xx_hal_tim.o
 .debug_info    0x000000000000907a     0x14d5 ./Drivers/STM32F1xx_HAL_Driver/Src/stm32f1xx_hal_tim_ex.o

.debug_abbrev   0x0000000000000000     0x1f49
 .debug_abbrev  0x0000000000000000       0xa7 ./Core/Src/12_leds_timer.o
 .debug_abbrev  0x00000000000000a7      0x150 ./Core/Src/display_7_segments.o
 .debug_abbrev  0x00000000000001f7      0x105 ./Core/Src/display_7_segments_timer.o
 .debug_abbrev  0x00000000000002fc      0x12f ./Core/Src/fsm_12_leds.o
 .debug_abbrev  0x000000000000042b       0xc7 ./Core/Src/global.o
 .debug_abbrev  0x00000000000004f2      0x16c ./Core/Src/input_processing.o
 .debug_abbrev  0x000000000000065e      0x13f ./Core/Src/input_reading.o
 .debug_abbrev  0x000000000000079d       0xa7 ./Core/Src/led_blinking_2Hz_timer.o
 .debug_abbrev  0x0000000000000844       0xa7 ./Core/Src/led_health_timer.o
 .debug_abbrev  0x00000000000008eb      0x230 ./Core/Src/main.o
 .debug_abbrev  0x0000000000000b1b      0x1b7 ./Core/Src/stm32f1xx_hal_msp.o
 .debug_abbrev  0x0000000000000cd2      0x176 ./Core/Src/stm32f1xx_it.o
 .debug_abbrev  0x0000000000000e48      0x14e ./Core/Src/system_stm32f1xx.o
 .debug_abbrev  0x0000000000000f96      0x182 ./Core/Src/timer.o
 .debug_abbrev  0x0000000000001118       0x12 ./Core/Startup/startup_stm32f103c6ux.o
 .debug_abbrev  0x000000000000112a      0x1ed ./Drivers/STM32F1xx_HAL_Driver/Src/stm32f1xx_hal.o
 .debug_abbrev  0x0000000000001317      0x313 ./Drivers/STM32F1xx_HAL_Driver/Src/stm32f1xx_hal_cortex.o
 .debug_abbrev  0x000000000000162a      0x1e8 ./Drivers/STM32F1xx_HAL_Driver/Src/stm32f1xx_hal_gpio.o
 .debug_abbrev  0x0000000000001812      0x273 ./Drivers/STM32F1xx_HAL_Driver/Src/stm32f1xx_hal_rcc.o
 .debug_abbrev  0x0000000000001a85      0x25e ./Drivers/STM32F1xx_HAL_Driver/Src/stm32f1xx_hal_tim.o
 .debug_abbrev  0x0000000000001ce3      0x266 ./Drivers/STM32F1xx_HAL_Driver/Src/stm32f1xx_hal_tim_ex.o

.debug_aranges  0x0000000000000000      0xae8
 .debug_aranges
                0x0000000000000000       0x28 ./Core/Src/12_leds_timer.o
 .debug_aranges
                0x0000000000000028       0x30 ./Core/Src/display_7_segments.o
 .debug_aranges
                0x0000000000000058       0x28 ./Core/Src/display_7_segments_timer.o
 .debug_aranges
                0x0000000000000080       0x20 ./Core/Src/fsm_12_leds.o
 .debug_aranges
                0x00000000000000a0       0x20 ./Core/Src/global.o
 .debug_aranges
                0x00000000000000c0       0x30 ./Core/Src/input_processing.o
 .debug_aranges
                0x00000000000000f0       0x60 ./Core/Src/input_reading.o
 .debug_aranges
                0x0000000000000150       0x28 ./Core/Src/led_blinking_2Hz_timer.o
 .debug_aranges
                0x0000000000000178       0x28 ./Core/Src/led_health_timer.o
 .debug_aranges
                0x00000000000001a0       0x40 ./Core/Src/main.o
 .debug_aranges
                0x00000000000001e0       0x30 ./Core/Src/stm32f1xx_hal_msp.o
 .debug_aranges
                0x0000000000000210       0x68 ./Core/Src/stm32f1xx_it.o
 .debug_aranges
                0x0000000000000278       0x28 ./Core/Src/system_stm32f1xx.o
 .debug_aranges
                0x00000000000002a0       0x20 ./Core/Src/timer.o
 .debug_aranges
                0x00000000000002c0       0x28 ./Core/Startup/startup_stm32f103c6ux.o
 .debug_aranges
                0x00000000000002e8       0xe0 ./Drivers/STM32F1xx_HAL_Driver/Src/stm32f1xx_hal.o
 .debug_aranges
                0x00000000000003c8      0x100 ./Drivers/STM32F1xx_HAL_Driver/Src/stm32f1xx_hal_cortex.o
 .debug_aranges
                0x00000000000004c8       0x58 ./Drivers/STM32F1xx_HAL_Driver/Src/stm32f1xx_hal_gpio.o
 .debug_aranges
                0x0000000000000520       0x90 ./Drivers/STM32F1xx_HAL_Driver/Src/stm32f1xx_hal_rcc.o
 .debug_aranges
                0x00000000000005b0      0x3d0 ./Drivers/STM32F1xx_HAL_Driver/Src/stm32f1xx_hal_tim.o
 .debug_aranges
                0x0000000000000980      0x168 ./Drivers/STM32F1xx_HAL_Driver/Src/stm32f1xx_hal_tim_ex.o

.debug_ranges   0x0000000000000000      0x9a0
 .debug_ranges  0x0000000000000000       0x18 ./Core/Src/12_leds_timer.o
 .debug_ranges  0x0000000000000018       0x20 ./Core/Src/display_7_segments.o
 .debug_ranges  0x0000000000000038       0x18 ./Core/Src/display_7_segments_timer.o
 .debug_ranges  0x0000000000000050       0x10 ./Core/Src/fsm_12_leds.o
 .debug_ranges  0x0000000000000060       0x10 ./Core/Src/global.o
 .debug_ranges  0x0000000000000070       0x20 ./Core/Src/input_processing.o
 .debug_ranges  0x0000000000000090       0x50 ./Core/Src/input_reading.o
 .debug_ranges  0x00000000000000e0       0x18 ./Core/Src/led_blinking_2Hz_timer.o
 .debug_ranges  0x00000000000000f8       0x18 ./Core/Src/led_health_timer.o
 .debug_ranges  0x0000000000000110       0x30 ./Core/Src/main.o
 .debug_ranges  0x0000000000000140       0x20 ./Core/Src/stm32f1xx_hal_msp.o
 .debug_ranges  0x0000000000000160       0x58 ./Core/Src/stm32f1xx_it.o
 .debug_ranges  0x00000000000001b8       0x18 ./Core/Src/system_stm32f1xx.o
 .debug_ranges  0x00000000000001d0       0x10 ./Core/Src/timer.o
 .debug_ranges  0x00000000000001e0       0x20 ./Core/Startup/startup_stm32f103c6ux.o
 .debug_ranges  0x0000000000000200       0xd0 ./Drivers/STM32F1xx_HAL_Driver/Src/stm32f1xx_hal.o
 .debug_ranges  0x00000000000002d0       0xf0 ./Drivers/STM32F1xx_HAL_Driver/Src/stm32f1xx_hal_cortex.o
 .debug_ranges  0x00000000000003c0       0x48 ./Drivers/STM32F1xx_HAL_Driver/Src/stm32f1xx_hal_gpio.o
 .debug_ranges  0x0000000000000408       0x80 ./Drivers/STM32F1xx_HAL_Driver/Src/stm32f1xx_hal_rcc.o
 .debug_ranges  0x0000000000000488      0x3c0 ./Drivers/STM32F1xx_HAL_Driver/Src/stm32f1xx_hal_tim.o
 .debug_ranges  0x0000000000000848      0x158 ./Drivers/STM32F1xx_HAL_Driver/Src/stm32f1xx_hal_tim_ex.o

.debug_macro    0x0000000000000000    0x17123
 .debug_macro   0x0000000000000000       0x24 ./Core/Src/12_leds_timer.o
 .debug_macro   0x0000000000000024      0xa9c ./Core/Src/12_leds_timer.o
 .debug_macro   0x0000000000000ac0       0x22 ./Core/Src/12_leds_timer.o
 .debug_macro   0x0000000000000ae2      0x1b1 ./Core/Src/display_7_segments.o
 .debug_macro   0x0000000000000c93      0x215 ./Core/Src/display_7_segments.o
 .debug_macro   0x0000000000000ea8       0x2e ./Core/Src/display_7_segments.o
 .debug_macro   0x0000000000000ed6       0x22 ./Core/Src/display_7_segments.o
 .debug_macro   0x0000000000000ef8       0x22 ./Core/Src/display_7_segments.o
 .debug_macro   0x0000000000000f1a       0x8e ./Core/Src/display_7_segments.o
 .debug_macro   0x0000000000000fa8       0x51 ./Core/Src/display_7_segments.o
 .debug_macro   0x0000000000000ff9      0x103 ./Core/Src/display_7_segments.o
 .debug_macro   0x00000000000010fc       0x6a ./Core/Src/display_7_segments.o
 .debug_macro   0x0000000000001166      0x1df ./Core/Src/display_7_segments.o
 .debug_macro   0x0000000000001345       0x1c ./Core/Src/display_7_segments.o
 .debug_macro   0x0000000000001361       0x22 ./Core/Src/display_7_segments.o
 .debug_macro   0x0000000000001383       0xc3 ./Core/Src/display_7_segments.o
 .debug_macro   0x0000000000001446      0xd23 ./Core/Src/display_7_segments.o
 .debug_macro   0x0000000000002169     0xde75 ./Core/Src/display_7_segments.o
 .debug_macro   0x000000000000ffde       0x6d ./Core/Src/display_7_segments.o
 .debug_macro   0x000000000001004b     0x3468 ./Core/Src/display_7_segments.o
 .debug_macro   0x00000000000134b3      0x174 ./Core/Src/display_7_segments.o
 .debug_macro   0x0000000000013627       0x5c ./Core/Src/display_7_segments.o
 .debug_macro   0x0000000000013683      0x5be ./Core/Src/display_7_segments.o
 .debug_macro   0x0000000000013c41      0x1b7 ./Core/Src/display_7_segments.o
 .debug_macro   0x0000000000013df8      0x1cb ./Core/Src/display_7_segments.o
 .debug_macro   0x0000000000013fc3      0x114 ./Core/Src/display_7_segments.o
 .debug_macro   0x00000000000140d7      0x1b2 ./Core/Src/display_7_segments.o
 .debug_macro   0x0000000000014289       0x27 ./Core/Src/display_7_segments.o
 .debug_macro   0x00000000000142b0      0x12f ./Core/Src/display_7_segments.o
 .debug_macro   0x00000000000143df      0x1bc ./Core/Src/display_7_segments.o
 .debug_macro   0x000000000001459b       0x34 ./Core/Src/display_7_segments.o
 .debug_macro   0x00000000000145cf       0x3c ./Core/Src/display_7_segments.o
 .debug_macro   0x000000000001460b       0x57 ./Core/Src/display_7_segments.o
 .debug_macro   0x0000000000014662       0x88 ./Core/Src/display_7_segments.o
 .debug_macro   0x00000000000146ea      0x183 ./Core/Src/display_7_segments.o
 .debug_macro   0x000000000001486d      0x141 ./Core/Src/display_7_segments.o
 .debug_macro   0x00000000000149ae      0x8d1 ./Core/Src/display_7_segments.o
 .debug_macro   0x000000000001527f       0x69 ./Core/Src/display_7_segments.o
 .debug_macro   0x00000000000152e8      0x154 ./Core/Src/display_7_segments.o
 .debug_macro   0x000000000001543c      0x1ba ./Core/Src/display_7_segments_timer.o
 .debug_macro   0x00000000000155f6      0x211 ./Core/Src/fsm_12_leds.o
 .debug_macro   0x0000000000015807       0x16 ./Core/Src/fsm_12_leds.o
 .debug_macro   0x000000000001581d      0x1b0 ./Core/Src/global.o
 .debug_macro   0x00000000000159cd      0x209 ./Core/Src/input_processing.o
 .debug_macro   0x0000000000015bd6      0x1bf ./Core/Src/input_reading.o
 .debug_macro   0x0000000000015d95       0x24 ./Core/Src/led_blinking_2Hz_timer.o
 .debug_macro   0x0000000000015db9       0x24 ./Core/Src/led_health_timer.o
 .debug_macro   0x0000000000015ddd      0x219 ./Core/Src/main.o
 .debug_macro   0x0000000000015ff6       0x1c ./Core/Src/main.o
 .debug_macro   0x0000000000016012      0x1a7 ./Core/Src/stm32f1xx_hal_msp.o
 .debug_macro   0x00000000000161b9      0x1b1 ./Core/Src/stm32f1xx_it.o
 .debug_macro   0x000000000001636a      0x198 ./Core/Src/system_stm32f1xx.o
 .debug_macro   0x0000000000016502      0x1ef ./Core/Src/timer.o
 .debug_macro   0x00000000000166f1      0x1bc ./Drivers/STM32F1xx_HAL_Driver/Src/stm32f1xx_hal.o
 .debug_macro   0x00000000000168ad      0x198 ./Drivers/STM32F1xx_HAL_Driver/Src/stm32f1xx_hal_cortex.o
 .debug_macro   0x0000000000016a45      0x203 ./Drivers/STM32F1xx_HAL_Driver/Src/stm32f1xx_hal_gpio.o
 .debug_macro   0x0000000000016c48      0x1aa ./Drivers/STM32F1xx_HAL_Driver/Src/stm32f1xx_hal_rcc.o
 .debug_macro   0x0000000000016df2      0x199 ./Drivers/STM32F1xx_HAL_Driver/Src/stm32f1xx_hal_tim.o
 .debug_macro   0x0000000000016f8b      0x198 ./Drivers/STM32F1xx_HAL_Driver/Src/stm32f1xx_hal_tim_ex.o

.debug_line     0x0000000000000000     0xcb56
 .debug_line    0x0000000000000000       0xae ./Core/Src/12_leds_timer.o
 .debug_line    0x00000000000000ae      0x8eb ./Core/Src/display_7_segments.o
 .debug_line    0x0000000000000999      0x6ce ./Core/Src/display_7_segments_timer.o
 .debug_line    0x0000000000001067      0x888 ./Core/Src/fsm_12_leds.o
 .debug_line    0x00000000000018ef      0x669 ./Core/Src/global.o
 .debug_line    0x0000000000001f58      0x877 ./Core/Src/input_processing.o
 .debug_line    0x00000000000027cf      0x847 ./Core/Src/input_reading.o
 .debug_line    0x0000000000003016       0xbc ./Core/Src/led_blinking_2Hz_timer.o
 .debug_line    0x00000000000030d2       0xb4 ./Core/Src/led_health_timer.o
 .debug_line    0x0000000000003186      0x86b ./Core/Src/main.o
 .debug_line    0x00000000000039f1      0x6a1 ./Core/Src/stm32f1xx_hal_msp.o
 .debug_line    0x0000000000004092      0x73f ./Core/Src/stm32f1xx_it.o
 .debug_line    0x00000000000047d1      0x6e3 ./Core/Src/system_stm32f1xx.o
 .debug_line    0x0000000000004eb4      0x6f0 ./Core/Src/timer.o
 .debug_line    0x00000000000055a4       0x87 ./Core/Startup/startup_stm32f103c6ux.o
 .debug_line    0x000000000000562b      0x910 ./Drivers/STM32F1xx_HAL_Driver/Src/stm32f1xx_hal.o
 .debug_line    0x0000000000005f3b      0xaf8 ./Drivers/STM32F1xx_HAL_Driver/Src/stm32f1xx_hal_cortex.o
 .debug_line    0x0000000000006a33      0x991 ./Drivers/STM32F1xx_HAL_Driver/Src/stm32f1xx_hal_gpio.o
 .debug_line    0x00000000000073c4      0xd1e ./Drivers/STM32F1xx_HAL_Driver/Src/stm32f1xx_hal_rcc.o
 .debug_line    0x00000000000080e2     0x326e ./Drivers/STM32F1xx_HAL_Driver/Src/stm32f1xx_hal_tim.o
 .debug_line    0x000000000000b350     0x1806 ./Drivers/STM32F1xx_HAL_Driver/Src/stm32f1xx_hal_tim_ex.o

.debug_str      0x0000000000000000    0x825f0
 .debug_str     0x0000000000000000     0x2ec0 ./Core/Src/12_leds_timer.o
                                       0x2efc (size before relaxing)
 .debug_str     0x0000000000002ec0    0x7c92b ./Core/Src/display_7_segments.o
                                      0x7f9c1 (size before relaxing)
 .debug_str     0x000000000007f7eb       0xa3 ./Core/Src/display_7_segments_timer.o
                                      0x7faea (size before relaxing)
 .debug_str     0x000000000007f88e      0x190 ./Core/Src/fsm_12_leds.o
                                      0x7fca4 (size before relaxing)
 .debug_str     0x000000000007fa1e       0x25 ./Core/Src/global.o
                                      0x7fa4f (size before relaxing)
 .debug_str     0x000000000007fa43       0x4f ./Core/Src/input_processing.o
                                      0x7fcdd (size before relaxing)
 .debug_str     0x000000000007fa92      0x163 ./Core/Src/input_reading.o
                                      0x7fc30 (size before relaxing)
 .debug_str     0x000000000007fbf5       0x5a ./Core/Src/led_blinking_2Hz_timer.o
                                       0x2f30 (size before relaxing)
 .debug_str     0x000000000007fc4f       0x48 ./Core/Src/led_health_timer.o
                                       0x2f0c (size before relaxing)
 .debug_str     0x000000000007fc97      0x6e0 ./Core/Src/main.o
                                      0x80414 (size before relaxing)
 .debug_str     0x0000000000080377      0x2ba ./Core/Src/stm32f1xx_hal_msp.o
                                      0x80130 (size before relaxing)
 .debug_str     0x0000000000080631       0xcd ./Core/Src/stm32f1xx_it.o
                                      0x7fe92 (size before relaxing)
 .debug_str     0x00000000000806fe       0x52 ./Core/Src/system_stm32f1xx.o
                                      0x7f4ec (size before relaxing)
 .debug_str     0x0000000000080750       0x37 ./Core/Src/timer.o
                                      0x800b1 (size before relaxing)
 .debug_str     0x0000000000080787       0x36 ./Core/Startup/startup_stm32f103c6ux.o
                                         0x57 (size before relaxing)
 .debug_str     0x00000000000807bd      0x304 ./Drivers/STM32F1xx_HAL_Driver/Src/stm32f1xx_hal.o
                                      0x7fb43 (size before relaxing)
 .debug_str     0x0000000000080ac1      0x300 ./Drivers/STM32F1xx_HAL_Driver/Src/stm32f1xx_hal_cortex.o
                                      0x7fb4b (size before relaxing)
 .debug_str     0x0000000000080dc1      0x324 ./Drivers/STM32F1xx_HAL_Driver/Src/stm32f1xx_hal_gpio.o
                                      0x7f8b0 (size before relaxing)
 .debug_str     0x00000000000810e5      0x24f ./Drivers/STM32F1xx_HAL_Driver/Src/stm32f1xx_hal_rcc.o
                                      0x7f8e9 (size before relaxing)
 .debug_str     0x0000000000081334      0xdce ./Drivers/STM32F1xx_HAL_Driver/Src/stm32f1xx_hal_tim.o
                                      0x808bb (size before relaxing)
 .debug_str     0x0000000000082102      0x4ee ./Drivers/STM32F1xx_HAL_Driver/Src/stm32f1xx_hal_tim_ex.o
                                      0x8006c (size before relaxing)

.comment        0x0000000000000000       0x53
 .comment       0x0000000000000000       0x53 ./Core/Src/12_leds_timer.o
                                         0x54 (size before relaxing)
 .comment       0x0000000000000053       0x54 ./Core/Src/display_7_segments.o
 .comment       0x0000000000000053       0x54 ./Core/Src/display_7_segments_timer.o
 .comment       0x0000000000000053       0x54 ./Core/Src/fsm_12_leds.o
 .comment       0x0000000000000053       0x54 ./Core/Src/global.o
 .comment       0x0000000000000053       0x54 ./Core/Src/input_processing.o
 .comment       0x0000000000000053       0x54 ./Core/Src/input_reading.o
 .comment       0x0000000000000053       0x54 ./Core/Src/led_blinking_2Hz_timer.o
 .comment       0x0000000000000053       0x54 ./Core/Src/led_health_timer.o
 .comment       0x0000000000000053       0x54 ./Core/Src/main.o
 .comment       0x0000000000000053       0x54 ./Core/Src/stm32f1xx_hal_msp.o
 .comment       0x0000000000000053       0x54 ./Core/Src/stm32f1xx_it.o
 .comment       0x0000000000000053       0x54 ./Core/Src/system_stm32f1xx.o
 .comment       0x0000000000000053       0x54 ./Core/Src/timer.o
 .comment       0x0000000000000053       0x54 ./Drivers/STM32F1xx_HAL_Driver/Src/stm32f1xx_hal.o
 .comment       0x0000000000000053       0x54 ./Drivers/STM32F1xx_HAL_Driver/Src/stm32f1xx_hal_cortex.o
 .comment       0x0000000000000053       0x54 ./Drivers/STM32F1xx_HAL_Driver/Src/stm32f1xx_hal_gpio.o
 .comment       0x0000000000000053       0x54 ./Drivers/STM32F1xx_HAL_Driver/Src/stm32f1xx_hal_rcc.o
 .comment       0x0000000000000053       0x54 ./Drivers/STM32F1xx_HAL_Driver/Src/stm32f1xx_hal_tim.o
 .comment       0x0000000000000053       0x54 ./Drivers/STM32F1xx_HAL_Driver/Src/stm32f1xx_hal_tim_ex.o

.debug_frame    0x0000000000000000     0x2a28
 .debug_frame   0x0000000000000000       0x58 ./Core/Src/12_leds_timer.o
 .debug_frame   0x0000000000000058       0x84 ./Core/Src/display_7_segments.o
 .debug_frame   0x00000000000000dc       0x58 ./Core/Src/display_7_segments_timer.o
 .debug_frame   0x0000000000000134       0x2c ./Core/Src/fsm_12_leds.o
 .debug_frame   0x0000000000000160       0x30 ./Core/Src/global.o
 .debug_frame   0x0000000000000190       0x64 ./Core/Src/input_processing.o
 .debug_frame   0x00000000000001f4      0x124 ./Core/Src/input_reading.o
 .debug_frame   0x0000000000000318       0x58 ./Core/Src/led_blinking_2Hz_timer.o
 .debug_frame   0x0000000000000370       0x58 ./Core/Src/led_health_timer.o
 .debug_frame   0x00000000000003c8       0xbc ./Core/Src/main.o
 .debug_frame   0x0000000000000484       0x80 ./Core/Src/stm32f1xx_hal_msp.o
 .debug_frame   0x0000000000000504      0x120 ./Core/Src/stm32f1xx_it.o
 .debug_frame   0x0000000000000624       0x58 ./Core/Src/system_stm32f1xx.o
 .debug_frame   0x000000000000067c       0x34 ./Core/Src/timer.o
 .debug_frame   0x00000000000006b0      0x334 ./Drivers/STM32F1xx_HAL_Driver/Src/stm32f1xx_hal.o
 .debug_frame   0x00000000000009e4      0x428 ./Drivers/STM32F1xx_HAL_Driver/Src/stm32f1xx_hal_cortex.o
 .debug_frame   0x0000000000000e0c      0x14c ./Drivers/STM32F1xx_HAL_Driver/Src/stm32f1xx_hal_gpio.o
 .debug_frame   0x0000000000000f58      0x21c ./Drivers/STM32F1xx_HAL_Driver/Src/stm32f1xx_hal_rcc.o
 .debug_frame   0x0000000000001174     0x11b8 ./Drivers/STM32F1xx_HAL_Driver/Src/stm32f1xx_hal_tim.o
 .debug_frame   0x000000000000232c      0x638 ./Drivers/STM32F1xx_HAL_Driver/Src/stm32f1xx_hal_tim_ex.o
 .debug_frame   0x0000000000002964       0x2c c:/st/stm32cubeide_1.7.0/stm32cubeide/plugins/com.st.stm32cube.ide.mcu.externaltools.gnu-tools-for-stm32.9-2020-q2-update.win32_2.0.0.202105311346/tools/bin/../lib/gcc/arm-none-eabi/9.3.1/../../../../arm-none-eabi/lib/thumb/v7-m/nofp\libc_nano.a(lib_a-init.o)
 .debug_frame   0x0000000000002990       0x20 c:/st/stm32cubeide_1.7.0/stm32cubeide/plugins/com.st.stm32cube.ide.mcu.externaltools.gnu-tools-for-stm32.9-2020-q2-update.win32_2.0.0.202105311346/tools/bin/../lib/gcc/arm-none-eabi/9.3.1/../../../../arm-none-eabi/lib/thumb/v7-m/nofp\libc_nano.a(lib_a-memset.o)
 .debug_frame   0x00000000000029b0       0x44 c:/st/stm32cubeide_1.7.0/stm32cubeide/plugins/com.st.stm32cube.ide.mcu.externaltools.gnu-tools-for-stm32.9-2020-q2-update.win32_2.0.0.202105311346/tools/bin/../lib/gcc/arm-none-eabi/9.3.1/thumb/v7-m/nofp\libgcc.a(_aeabi_ldivmod.o)
 .debug_frame   0x00000000000029f4       0x34 c:/st/stm32cubeide_1.7.0/stm32cubeide/plugins/com.st.stm32cube.ide.mcu.externaltools.gnu-tools-for-stm32.9-2020-q2-update.win32_2.0.0.202105311346/tools/bin/../lib/gcc/arm-none-eabi/9.3.1/thumb/v7-m/nofp\libgcc.a(_udivmoddi4.o)
